Exception in get_ai_response: Client error '404 Not Found' for url 'https://openrouter.ai/api/v1/chat/completions'
For more information check: https://developer.mozilla.org/en-US/docs/Web/HTTP/Status/404
Traceback (most recent call last):
  File "C:\Users\harsh\OneDrive\Desktop\apps\Resume chat Bot\backend\services\ai_service.py", line 47, in get_ai_response
    try:
    
  File "C:\Users\harsh\OneDrive\Desktop\apps\Resume chat Bot\backend\venv\Lib\site-packages\httpx\_models.py", line 829, in raise_for_status
    raise HTTPStatusError(message, request=request, response=self)
httpx.HTTPStatusError: Client error '404 Not Found' for url 'https://openrouter.ai/api/v1/chat/completions'
For more information check: https://developer.mozilla.org/en-US/docs/Web/HTTP/Status/404
Exception in get_ai_response: 404 Client Error: Not Found for url: https://openrouter.ai/api/v1/chat/completions

--- AI Error ---
Client error '401 Unauthorized' for url 'https://openrouter.ai/api/v1/chat/completions'
For more information check: https://developer.mozilla.org/en-US/docs/Web/HTTP/Status/401

--- AI Error ---
Client error '401 Unauthorized' for url 'https://openrouter.ai/api/v1/chat/completions'
For more information check: https://developer.mozilla.org/en-US/docs/Web/HTTP/Status/401

--- AI Error ---
Client error '401 Unauthorized' for url 'https://openrouter.ai/api/v1/chat/completions'
For more information check: https://developer.mozilla.org/en-US/docs/Web/HTTP/Status/401

--- AI Error ---
Client error '401 Unauthorized' for url 'https://openrouter.ai/api/v1/chat/completions'
For more information check: https://developer.mozilla.org/en-US/docs/Web/HTTP/Status/401

--- AI Error ---
Client error '401 Unauthorized' for url 'https://openrouter.ai/api/v1/chat/completions'
For more information check: https://developer.mozilla.org/en-US/docs/Web/HTTP/Status/401

--- AI Error ---
Client error '401 Unauthorized' for url 'https://openrouter.ai/api/v1/chat/completions'
For more information check: https://developer.mozilla.org/en-US/docs/Web/HTTP/Status/401

--- AI Error ---
Client error '401 Unauthorized' for url 'https://openrouter.ai/api/v1/chat/completions'
For more information check: https://developer.mozilla.org/en-US/docs/Web/HTTP/Status/401

--- AI Error ---
Client error '404 Not Found' for url 'https://openrouter.ai/api/v1/chat/completions'
For more information check: https://developer.mozilla.org/en-US/docs/Web/HTTP/Status/404

--- AI Error ---
Client error '404 Not Found' for url 'https://openrouter.ai/api/v1/chat/completions'
For more information check: https://developer.mozilla.org/en-US/docs/Web/HTTP/Status/404
